1744997190.351535 client started (31416): version 3.5a, socket /tmp/tmux-1000/default, protocol 8
1744997190.351642 on Linux 6.8.0-57-generic #59-Ubuntu SMP PREEMPT_DYNAMIC Sat Mar 15 17:40:59 UTC 2025
1744997190.351687 using libevent 2.1.12-stable poll
1744997190.351699 using ncurses 6.4 20240113
1744997190.351786 flags are 0x10010000
1744997190.351812 socket is /tmp/tmux-1000/default
1744997190.351844 trying connect
1744997190.352078 add peer 0x5e5ca76bd0a0: 6 ((nil))
1744997190.353235 sending message 111 to peer 0x5e5ca76bd0a0 (8 bytes)
1744997190.353265 sending message 111 to peer 0x5e5ca76bd0a0 (8 bytes)
1744997190.353276 sending message 101 to peer 0x5e5ca76bd0a0 (14 bytes)
1744997190.353286 sending message 109 to peer 0x5e5ca76bd0a0 (4 bytes)
1744997190.353296 sending message 102 to peer 0x5e5ca76bd0a0 (11 bytes)
1744997190.353307 sending message 108 to peer 0x5e5ca76bd0a0 (26 bytes)
1744997190.353317 sending message 112 to peer 0x5e5ca76bd0a0 (70 bytes)
1744997190.353327 sending message 112 to peer 0x5e5ca76bd0a0 (5 bytes)
1744997190.353337 sending message 112 to peer 0x5e5ca76bd0a0 (5 bytes)
1744997190.353346 sending message 112 to peer 0x5e5ca76bd0a0 (6 bytes)
1744997190.353356 sending message 112 to peer 0x5e5ca76bd0a0 (6 bytes)
1744997190.353366 sending message 112 to peer 0x5e5ca76bd0a0 (11 bytes)
1744997190.353376 sending message 112 to peer 0x5e5ca76bd0a0 (10 bytes)
1744997190.353385 sending message 112 to peer 0x5e5ca76bd0a0 (13 bytes)
1744997190.353395 sending message 112 to peer 0x5e5ca76bd0a0 (13 bytes)
1744997190.353405 sending message 112 to peer 0x5e5ca76bd0a0 (18 bytes)
1744997190.353414 sending message 112 to peer 0x5e5ca76bd0a0 (11 bytes)
1744997190.353425 sending message 112 to peer 0x5e5ca76bd0a0 (10 bytes)
1744997190.353435 sending message 112 to peer 0x5e5ca76bd0a0 (15 bytes)
1744997190.353445 sending message 112 to peer 0x5e5ca76bd0a0 (21 bytes)
1744997190.353454 sending message 112 to peer 0x5e5ca76bd0a0 (13 bytes)
1744997190.353464 sending message 112 to peer 0x5e5ca76bd0a0 (7 bytes)
1744997190.353474 sending message 112 to peer 0x5e5ca76bd0a0 (13 bytes)
1744997190.353484 sending message 112 to peer 0x5e5ca76bd0a0 (7 bytes)
1744997190.353494 sending message 112 to peer 0x5e5ca76bd0a0 (13 bytes)
1744997190.353503 sending message 112 to peer 0x5e5ca76bd0a0 (9 bytes)
1744997190.353513 sending message 112 to peer 0x5e5ca76bd0a0 (21 bytes)
1744997190.353523 sending message 112 to peer 0x5e5ca76bd0a0 (13 bytes)
1744997190.353533 sending message 112 to peer 0x5e5ca76bd0a0 (8 bytes)
1744997190.353543 sending message 112 to peer 0x5e5ca76bd0a0 (12 bytes)
1744997190.353553 sending message 112 to peer 0x5e5ca76bd0a0 (13 bytes)
1744997190.353563 sending message 112 to peer 0x5e5ca76bd0a0 (9 bytes)
1744997190.353573 sending message 112 to peer 0x5e5ca76bd0a0 (9 bytes)
1744997190.353583 sending message 112 to peer 0x5e5ca76bd0a0 (12 bytes)
1744997190.353593 sending message 112 to peer 0x5e5ca76bd0a0 (8 bytes)
1744997190.353602 sending message 112 to peer 0x5e5ca76bd0a0 (8 bytes)
1744997190.353640 sending message 112 to peer 0x5e5ca76bd0a0 (7 bytes)
1744997190.353651 sending message 112 to peer 0x5e5ca76bd0a0 (7 bytes)
1744997190.353661 sending message 112 to peer 0x5e5ca76bd0a0 (9 bytes)
1744997190.353670 sending message 112 to peer 0x5e5ca76bd0a0 (13 bytes)
1744997190.353680 sending message 112 to peer 0x5e5ca76bd0a0 (6 bytes)
1744997190.353690 sending message 112 to peer 0x5e5ca76bd0a0 (9 bytes)
1744997190.353700 sending message 112 to peer 0x5e5ca76bd0a0 (15 bytes)
1744997190.353710 sending message 112 to peer 0x5e5ca76bd0a0 (13 bytes)
1744997190.353719 sending message 112 to peer 0x5e5ca76bd0a0 (12 bytes)
1744997190.353729 sending message 112 to peer 0x5e5ca76bd0a0 (8 bytes)
1744997190.353739 sending message 112 to peer 0x5e5ca76bd0a0 (14 bytes)
1744997190.353749 sending message 112 to peer 0x5e5ca76bd0a0 (11 bytes)
1744997190.353759 sending message 112 to peer 0x5e5ca76bd0a0 (9 bytes)
1744997190.353768 sending message 112 to peer 0x5e5ca76bd0a0 (10 bytes)
1744997190.353778 sending message 112 to peer 0x5e5ca76bd0a0 (10 bytes)
1744997190.353806 sending message 112 to peer 0x5e5ca76bd0a0 (10 bytes)
1744997190.353816 sending message 112 to peer 0x5e5ca76bd0a0 (10 bytes)
1744997190.353826 sending message 112 to peer 0x5e5ca76bd0a0 (11 bytes)
1744997190.353836 sending message 112 to peer 0x5e5ca76bd0a0 (12 bytes)
1744997190.353846 sending message 112 to peer 0x5e5ca76bd0a0 (12 bytes)
1744997190.353855 sending message 112 to peer 0x5e5ca76bd0a0 (12 bytes)
1744997190.353865 sending message 112 to peer 0x5e5ca76bd0a0 (12 bytes)
1744997190.353875 sending message 112 to peer 0x5e5ca76bd0a0 (12 bytes)
1744997190.353885 sending message 112 to peer 0x5e5ca76bd0a0 (11 bytes)
1744997190.353895 sending message 112 to peer 0x5e5ca76bd0a0 (11 bytes)
1744997190.353905 sending message 112 to peer 0x5e5ca76bd0a0 (12 bytes)
1744997190.353915 sending message 112 to peer 0x5e5ca76bd0a0 (12 bytes)
1744997190.353924 sending message 112 to peer 0x5e5ca76bd0a0 (12 bytes)
1744997190.353934 sending message 112 to peer 0x5e5ca76bd0a0 (12 bytes)
1744997190.353944 sending message 112 to peer 0x5e5ca76bd0a0 (12 bytes)
1744997190.353954 sending message 112 to peer 0x5e5ca76bd0a0 (10 bytes)
1744997190.353964 sending message 112 to peer 0x5e5ca76bd0a0 (12 bytes)
1744997190.353973 sending message 112 to peer 0x5e5ca76bd0a0 (13 bytes)
1744997190.353983 sending message 112 to peer 0x5e5ca76bd0a0 (13 bytes)
1744997190.353993 sending message 112 to peer 0x5e5ca76bd0a0 (13 bytes)
1744997190.354003 sending message 112 to peer 0x5e5ca76bd0a0 (13 bytes)
1744997190.354013 sending message 112 to peer 0x5e5ca76bd0a0 (13 bytes)
1744997190.354023 sending message 112 to peer 0x5e5ca76bd0a0 (8 bytes)
1744997190.354032 sending message 112 to peer 0x5e5ca76bd0a0 (11 bytes)
1744997190.354042 sending message 112 to peer 0x5e5ca76bd0a0 (11 bytes)
1744997190.354052 sending message 112 to peer 0x5e5ca76bd0a0 (11 bytes)
1744997190.354062 sending message 112 to peer 0x5e5ca76bd0a0 (12 bytes)
1744997190.354072 sending message 112 to peer 0x5e5ca76bd0a0 (12 bytes)
1744997190.354082 sending message 112 to peer 0x5e5ca76bd0a0 (12 bytes)
1744997190.354091 sending message 112 to peer 0x5e5ca76bd0a0 (12 bytes)
1744997190.354101 sending message 112 to peer 0x5e5ca76bd0a0 (13 bytes)
1744997190.354111 sending message 112 to peer 0x5e5ca76bd0a0 (13 bytes)
1744997190.354121 sending message 112 to peer 0x5e5ca76bd0a0 (13 bytes)
1744997190.354131 sending message 112 to peer 0x5e5ca76bd0a0 (8 bytes)
1744997190.354140 sending message 112 to peer 0x5e5ca76bd0a0 (13 bytes)
1744997190.354150 sending message 112 to peer 0x5e5ca76bd0a0 (13 bytes)
1744997190.354160 sending message 112 to peer 0x5e5ca76bd0a0 (13 bytes)
1744997190.354170 sending message 112 to peer 0x5e5ca76bd0a0 (13 bytes)
1744997190.354180 sending message 112 to peer 0x5e5ca76bd0a0 (13 bytes)
1744997190.354189 sending message 112 to peer 0x5e5ca76bd0a0 (12 bytes)
1744997190.354199 sending message 112 to peer 0x5e5ca76bd0a0 (12 bytes)
1744997190.354209 sending message 112 to peer 0x5e5ca76bd0a0 (12 bytes)
1744997190.354219 sending message 112 to peer 0x5e5ca76bd0a0 (12 bytes)
1744997190.354229 sending message 112 to peer 0x5e5ca76bd0a0 (13 bytes)
1744997190.354238 sending message 112 to peer 0x5e5ca76bd0a0 (8 bytes)
1744997190.354248 sending message 112 to peer 0x5e5ca76bd0a0 (13 bytes)
1744997190.354258 sending message 112 to peer 0x5e5ca76bd0a0 (13 bytes)
1744997190.354268 sending message 112 to peer 0x5e5ca76bd0a0 (13 bytes)
1744997190.354278 sending message 112 to peer 0x5e5ca76bd0a0 (13 bytes)
1744997190.354288 sending message 112 to peer 0x5e5ca76bd0a0 (13 bytes)
1744997190.354297 sending message 112 to peer 0x5e5ca76bd0a0 (13 bytes)
1744997190.354307 sending message 112 to peer 0x5e5ca76bd0a0 (13 bytes)
1744997190.354317 sending message 112 to peer 0x5e5ca76bd0a0 (12 bytes)
1744997190.354327 sending message 112 to peer 0x5e5ca76bd0a0 (12 bytes)
1744997190.354336 sending message 112 to peer 0x5e5ca76bd0a0 (12 bytes)
1744997190.354346 sending message 112 to peer 0x5e5ca76bd0a0 (8 bytes)
1744997190.354356 sending message 112 to peer 0x5e5ca76bd0a0 (12 bytes)
1744997190.354374 sending message 112 to peer 0x5e5ca76bd0a0 (13 bytes)
1744997190.354385 sending message 112 to peer 0x5e5ca76bd0a0 (13 bytes)
1744997190.354394 sending message 112 to peer 0x5e5ca76bd0a0 (13 bytes)
1744997190.354404 sending message 112 to peer 0x5e5ca76bd0a0 (13 bytes)
1744997190.354414 sending message 112 to peer 0x5e5ca76bd0a0 (13 bytes)
1744997190.354424 sending message 112 to peer 0x5e5ca76bd0a0 (13 bytes)
1744997190.354434 sending message 112 to peer 0x5e5ca76bd0a0 (13 bytes)
1744997190.354443 sending message 112 to peer 0x5e5ca76bd0a0 (13 bytes)
1744997190.354453 sending message 112 to peer 0x5e5ca76bd0a0 (12 bytes)
1744997190.354463 sending message 112 to peer 0x5e5ca76bd0a0 (10 bytes)
1744997190.354473 sending message 112 to peer 0x5e5ca76bd0a0 (12 bytes)
1744997190.354483 sending message 112 to peer 0x5e5ca76bd0a0 (12 bytes)
1744997190.354492 sending message 112 to peer 0x5e5ca76bd0a0 (12 bytes)
1744997190.354502 sending message 112 to peer 0x5e5ca76bd0a0 (13 bytes)
1744997190.354512 sending message 112 to peer 0x5e5ca76bd0a0 (13 bytes)
1744997190.354522 sending message 112 to peer 0x5e5ca76bd0a0 (13 bytes)
1744997190.354532 sending message 112 to peer 0x5e5ca76bd0a0 (13 bytes)
1744997190.354542 sending message 112 to peer 0x5e5ca76bd0a0 (13 bytes)
1744997190.354551 sending message 112 to peer 0x5e5ca76bd0a0 (13 bytes)
1744997190.354561 sending message 112 to peer 0x5e5ca76bd0a0 (13 bytes)
1744997190.354571 sending message 112 to peer 0x5e5ca76bd0a0 (10 bytes)
1744997190.354581 sending message 112 to peer 0x5e5ca76bd0a0 (13 bytes)
1744997190.354591 sending message 112 to peer 0x5e5ca76bd0a0 (12 bytes)
1744997190.354600 sending message 112 to peer 0x5e5ca76bd0a0 (12 bytes)
1744997190.354631 sending message 112 to peer 0x5e5ca76bd0a0 (12 bytes)
1744997190.354646 sending message 112 to peer 0x5e5ca76bd0a0 (10 bytes)
1744997190.354656 sending message 112 to peer 0x5e5ca76bd0a0 (10 bytes)
1744997190.354666 sending message 112 to peer 0x5e5ca76bd0a0 (10 bytes)
1744997190.354676 sending message 112 to peer 0x5e5ca76bd0a0 (12 bytes)
1744997190.354686 sending message 112 to peer 0x5e5ca76bd0a0 (13 bytes)
1744997190.354695 sending message 112 to peer 0x5e5ca76bd0a0 (13 bytes)
1744997190.354705 sending message 112 to peer 0x5e5ca76bd0a0 (13 bytes)
1744997190.354715 sending message 112 to peer 0x5e5ca76bd0a0 (13 bytes)
1744997190.354725 sending message 112 to peer 0x5e5ca76bd0a0 (13 bytes)
1744997190.354734 sending message 112 to peer 0x5e5ca76bd0a0 (11 bytes)
1744997190.354744 sending message 112 to peer 0x5e5ca76bd0a0 (11 bytes)
1744997190.354754 sending message 112 to peer 0x5e5ca76bd0a0 (12 bytes)
1744997190.354764 sending message 112 to peer 0x5e5ca76bd0a0 (12 bytes)
1744997190.354774 sending message 112 to peer 0x5e5ca76bd0a0 (12 bytes)
1744997190.354783 sending message 112 to peer 0x5e5ca76bd0a0 (12 bytes)
1744997190.354793 sending message 112 to peer 0x5e5ca76bd0a0 (12 bytes)
1744997190.354803 sending message 112 to peer 0x5e5ca76bd0a0 (11 bytes)
1744997190.354813 sending message 112 to peer 0x5e5ca76bd0a0 (12 bytes)
1744997190.354823 sending message 112 to peer 0x5e5ca76bd0a0 (12 bytes)
1744997190.354832 sending message 112 to peer 0x5e5ca76bd0a0 (13 bytes)
1744997190.354842 sending message 112 to peer 0x5e5ca76bd0a0 (13 bytes)
1744997190.354852 sending message 112 to peer 0x5e5ca76bd0a0 (13 bytes)
1744997190.354862 sending message 112 to peer 0x5e5ca76bd0a0 (13 bytes)
1744997190.354871 sending message 112 to peer 0x5e5ca76bd0a0 (13 bytes)
1744997190.354881 sending message 112 to peer 0x5e5ca76bd0a0 (10 bytes)
1744997190.354891 sending message 112 to peer 0x5e5ca76bd0a0 (9 bytes)
1744997190.354901 sending message 112 to peer 0x5e5ca76bd0a0 (12 bytes)
1744997190.354911 sending message 112 to peer 0x5e5ca76bd0a0 (13 bytes)
1744997190.354920 sending message 112 to peer 0x5e5ca76bd0a0 (13 bytes)
1744997190.354930 sending message 112 to peer 0x5e5ca76bd0a0 (13 bytes)
1744997190.354940 sending message 112 to peer 0x5e5ca76bd0a0 (13 bytes)
1744997190.354950 sending message 112 to peer 0x5e5ca76bd0a0 (13 bytes)
1744997190.354968 sending message 112 to peer 0x5e5ca76bd0a0 (9 bytes)
1744997190.354978 sending message 112 to peer 0x5e5ca76bd0a0 (12 bytes)
1744997190.354988 sending message 112 to peer 0x5e5ca76bd0a0 (13 bytes)
1744997190.354998 sending message 112 to peer 0x5e5ca76bd0a0 (13 bytes)
1744997190.355008 sending message 112 to peer 0x5e5ca76bd0a0 (13 bytes)
1744997190.355017 sending message 112 to peer 0x5e5ca76bd0a0 (13 bytes)
1744997190.355027 sending message 112 to peer 0x5e5ca76bd0a0 (13 bytes)
1744997190.355037 sending message 112 to peer 0x5e5ca76bd0a0 (11 bytes)
1744997190.355047 sending message 112 to peer 0x5e5ca76bd0a0 (12 bytes)
1744997190.355057 sending message 112 to peer 0x5e5ca76bd0a0 (13 bytes)
1744997190.355067 sending message 112 to peer 0x5e5ca76bd0a0 (13 bytes)
1744997190.355076 sending message 112 to peer 0x5e5ca76bd0a0 (13 bytes)
1744997190.355086 sending message 112 to peer 0x5e5ca76bd0a0 (13 bytes)
1744997190.355096 sending message 112 to peer 0x5e5ca76bd0a0 (13 bytes)
1744997190.355106 sending message 112 to peer 0x5e5ca76bd0a0 (11 bytes)
1744997190.355115 sending message 112 to peer 0x5e5ca76bd0a0 (12 bytes)
1744997190.355125 sending message 112 to peer 0x5e5ca76bd0a0 (12 bytes)
1744997190.355135 sending message 112 to peer 0x5e5ca76bd0a0 (12 bytes)
1744997190.355145 sending message 112 to peer 0x5e5ca76bd0a0 (12 bytes)
1744997190.355155 sending message 112 to peer 0x5e5ca76bd0a0 (12 bytes)
1744997190.355165 sending message 112 to peer 0x5e5ca76bd0a0 (21 bytes)
1744997190.355175 sending message 112 to peer 0x5e5ca76bd0a0 (12 bytes)
1744997190.355185 sending message 112 to peer 0x5e5ca76bd0a0 (9 bytes)
1744997190.355195 sending message 112 to peer 0x5e5ca76bd0a0 (6 bytes)
1744997190.355205 sending message 112 to peer 0x5e5ca76bd0a0 (13 bytes)
1744997190.355216 sending message 112 to peer 0x5e5ca76bd0a0 (8 bytes)
1744997190.355226 sending message 112 to peer 0x5e5ca76bd0a0 (15 bytes)
1744997190.355236 sending message 112 to peer 0x5e5ca76bd0a0 (13 bytes)
1744997190.355247 sending message 112 to peer 0x5e5ca76bd0a0 (9 bytes)
1744997190.355257 sending message 112 to peer 0x5e5ca76bd0a0 (70 bytes)
1744997190.355267 sending message 112 to peer 0x5e5ca76bd0a0 (69 bytes)
1744997190.355278 sending message 112 to peer 0x5e5ca76bd0a0 (10 bytes)
1744997190.355288 sending message 112 to peer 0x5e5ca76bd0a0 (10 bytes)
1744997190.355298 sending message 112 to peer 0x5e5ca76bd0a0 (8 bytes)
1744997190.355308 sending message 112 to peer 0x5e5ca76bd0a0 (15 bytes)
1744997190.355318 sending message 112 to peer 0x5e5ca76bd0a0 (13 bytes)
1744997190.355328 sending message 112 to peer 0x5e5ca76bd0a0 (10 bytes)
1744997190.355338 sending message 112 to peer 0x5e5ca76bd0a0 (10 bytes)
1744997190.355348 sending message 112 to peer 0x5e5ca76bd0a0 (17 bytes)
1744997190.355358 sending message 112 to peer 0x5e5ca76bd0a0 (10 bytes)
1744997190.355367 sending message 112 to peer 0x5e5ca76bd0a0 (13 bytes)
1744997190.355377 sending message 112 to peer 0x5e5ca76bd0a0 (9 bytes)
1744997190.355387 sending message 112 to peer 0x5e5ca76bd0a0 (5 bytes)
1744997190.355398 sending message 112 to peer 0x5e5ca76bd0a0 (15 bytes)
1744997190.355414 sending message 104 to peer 0x5e5ca76bd0a0 (0 bytes)
1744997190.355428 sending message 110 to peer 0x5e5ca76bd0a0 (0 bytes)
1744997190.355443 sending message 107 to peer 0x5e5ca76bd0a0 (4 bytes)
1744997190.355453 sending message 105 to peer 0x5e5ca76bd0a0 (16 bytes)
1744997190.355464 sending message 105 to peer 0x5e5ca76bd0a0 (110 bytes)
1744997190.355474 sending message 105 to peer 0x5e5ca76bd0a0 (19 bytes)
1744997190.355485 sending message 105 to peer 0x5e5ca76bd0a0 (19 bytes)
1744997190.355495 sending message 105 to peer 0x5e5ca76bd0a0 (75 bytes)
1744997190.355505 sending message 105 to peer 0x5e5ca76bd0a0 (20 bytes)
1744997190.355515 sending message 105 to peer 0x5e5ca76bd0a0 (78 bytes)
1744997190.355526 sending message 105 to peer 0x5e5ca76bd0a0 (58 bytes)
1744997190.355536 sending message 105 to peer 0x5e5ca76bd0a0 (13 bytes)
1744997190.355546 sending message 105 to peer 0x5e5ca76bd0a0 (26 bytes)
1744997190.355571 sending message 105 to peer 0x5e5ca76bd0a0 (19 bytes)
1744997190.355582 sending message 105 to peer 0x5e5ca76bd0a0 (35 bytes)
1744997190.355592 sending message 105 to peer 0x5e5ca76bd0a0 (43 bytes)
1744997190.355602 sending message 105 to peer 0x5e5ca76bd0a0 (10 bytes)
1744997190.355641 sending message 105 to peer 0x5e5ca76bd0a0 (23 bytes)
1744997190.355657 sending message 105 to peer 0x5e5ca76bd0a0 (20 bytes)
1744997190.355668 sending message 105 to peer 0x5e5ca76bd0a0 (47 bytes)
1744997190.355679 sending message 105 to peer 0x5e5ca76bd0a0 (80 bytes)
1744997190.355690 sending message 105 to peer 0x5e5ca76bd0a0 (98 bytes)
1744997190.355700 sending message 105 to peer 0x5e5ca76bd0a0 (50 bytes)
1744997190.355711 sending message 105 to peer 0x5e5ca76bd0a0 (51 bytes)
1744997190.355721 sending message 105 to peer 0x5e5ca76bd0a0 (53 bytes)
1744997190.355731 sending message 105 to peer 0x5e5ca76bd0a0 (34 bytes)
1744997190.355741 sending message 105 to peer 0x5e5ca76bd0a0 (84 bytes)
1744997190.355752 sending message 105 to peer 0x5e5ca76bd0a0 (20 bytes)
1744997190.355762 sending message 105 to peer 0x5e5ca76bd0a0 (84 bytes)
1744997190.355773 sending message 105 to peer 0x5e5ca76bd0a0 (23 bytes)
1744997190.355783 sending message 105 to peer 0x5e5ca76bd0a0 (24 bytes)
1744997190.355793 sending message 105 to peer 0x5e5ca76bd0a0 (19 bytes)
1744997190.355803 sending message 105 to peer 0x5e5ca76bd0a0 (75 bytes)
1744997190.355813 sending message 105 to peer 0x5e5ca76bd0a0 (16 bytes)
1744997190.355823 sending message 105 to peer 0x5e5ca76bd0a0 (27 bytes)
1744997190.355833 sending message 105 to peer 0x5e5ca76bd0a0 (28 bytes)
1744997190.355845 sending message 105 to peer 0x5e5ca76bd0a0 (15 bytes)
1744997190.355855 sending message 105 to peer 0x5e5ca76bd0a0 (30 bytes)
1744997190.355866 sending message 105 to peer 0x5e5ca76bd0a0 (80 bytes)
1744997190.355876 sending message 105 to peer 0x5e5ca76bd0a0 (82 bytes)
1744997190.355886 sending message 105 to peer 0x5e5ca76bd0a0 (15 bytes)
1744997190.355896 sending message 105 to peer 0x5e5ca76bd0a0 (24 bytes)
1744997190.355906 sending message 105 to peer 0x5e5ca76bd0a0 (21 bytes)
1744997190.355916 sending message 105 to peer 0x5e5ca76bd0a0 (86 bytes)
1744997190.355926 sending message 105 to peer 0x5e5ca76bd0a0 (95 bytes)
1744997190.355936 sending message 105 to peer 0x5e5ca76bd0a0 (52 bytes)
1744997190.355946 sending message 105 to peer 0x5e5ca76bd0a0 (22 bytes)
1744997190.355956 sending message 105 to peer 0x5e5ca76bd0a0 (29 bytes)
1744997190.355966 sending message 105 to peer 0x5e5ca76bd0a0 (16 bytes)
1744997190.355976 sending message 105 to peer 0x5e5ca76bd0a0 (30 bytes)
1744997190.355986 sending message 105 to peer 0x5e5ca76bd0a0 (88 bytes)
1744997190.355996 sending message 105 to peer 0x5e5ca76bd0a0 (18 bytes)
1744997190.356006 sending message 105 to peer 0x5e5ca76bd0a0 (17 bytes)
1744997190.356016 sending message 105 to peer 0x5e5ca76bd0a0 (21 bytes)
1744997190.356026 sending message 105 to peer 0x5e5ca76bd0a0 (24 bytes)
1744997190.356036 sending message 105 to peer 0x5e5ca76bd0a0 (37 bytes)
1744997190.356047 sending message 105 to peer 0x5e5ca76bd0a0 (28 bytes)
1744997190.356058 sending message 105 to peer 0x5e5ca76bd0a0 (53 bytes)
1744997190.356068 sending message 105 to peer 0x5e5ca76bd0a0 (138 bytes)
1744997190.356079 sending message 105 to peer 0x5e5ca76bd0a0 (82 bytes)
1744997190.356089 sending message 105 to peer 0x5e5ca76bd0a0 (33 bytes)
1744997190.356099 sending message 105 to peer 0x5e5ca76bd0a0 (13 bytes)
1744997190.356109 sending message 105 to peer 0x5e5ca76bd0a0 (29 bytes)
1744997190.356119 sending message 105 to peer 0x5e5ca76bd0a0 (17 bytes)
1744997190.356129 sending message 105 to peer 0x5e5ca76bd0a0 (28 bytes)
1744997190.356139 sending message 105 to peer 0x5e5ca76bd0a0 (52 bytes)
1744997190.356149 sending message 105 to peer 0x5e5ca76bd0a0 (47 bytes)
1744997190.356159 sending message 105 to peer 0x5e5ca76bd0a0 (56 bytes)
1744997190.356168 sending message 105 to peer 0x5e5ca76bd0a0 (23 bytes)
1744997190.356178 sending message 105 to peer 0x5e5ca76bd0a0 (16 bytes)
1744997190.356198 sending message 105 to peer 0x5e5ca76bd0a0 (10 bytes)
1744997190.356208 sending message 105 to peer 0x5e5ca76bd0a0 (23 bytes)
1744997190.356218 sending message 105 to peer 0x5e5ca76bd0a0 (21 bytes)
1744997190.356228 sending message 105 to peer 0x5e5ca76bd0a0 (98 bytes)
1744997190.356238 sending message 105 to peer 0x5e5ca76bd0a0 (23 bytes)
1744997190.356250 sending message 105 to peer 0x5e5ca76bd0a0 (30 bytes)
1744997190.356260 sending message 105 to peer 0x5e5ca76bd0a0 (19 bytes)
1744997190.356271 sending message 105 to peer 0x5e5ca76bd0a0 (12 bytes)
1744997190.356280 sending message 105 to peer 0x5e5ca76bd0a0 (13 bytes)
1744997190.356290 sending message 105 to peer 0x5e5ca76bd0a0 (15 bytes)
1744997190.356300 sending message 105 to peer 0x5e5ca76bd0a0 (76 bytes)
1744997190.356310 sending message 105 to peer 0x5e5ca76bd0a0 (22 bytes)
1744997190.356320 sending message 105 to peer 0x5e5ca76bd0a0 (50 bytes)
1744997190.356330 sending message 105 to peer 0x5e5ca76bd0a0 (76 bytes)
1744997190.356339 sending message 105 to peer 0x5e5ca76bd0a0 (11 bytes)
1744997190.356361 sending message 105 to peer 0x5e5ca76bd0a0 (8 bytes)
1744997190.356382 sending message 105 to peer 0x5e5ca76bd0a0 (35 bytes)
1744997190.356403 sending message 105 to peer 0x5e5ca76bd0a0 (80 bytes)
1744997190.356421 sending message 105 to peer 0x5e5ca76bd0a0 (25 bytes)
1744997190.356435 sending message 105 to peer 0x5e5ca76bd0a0 (18 bytes)
1744997190.356447 sending message 105 to peer 0x5e5ca76bd0a0 (27 bytes)
1744997190.356459 sending message 105 to peer 0x5e5ca76bd0a0 (11 bytes)
1744997190.356471 sending message 105 to peer 0x5e5ca76bd0a0 (17 bytes)
1744997190.356483 sending message 105 to peer 0x5e5ca76bd0a0 (17 bytes)
1744997190.356496 sending message 105 to peer 0x5e5ca76bd0a0 (16 bytes)
1744997190.356516 sending message 105 to peer 0x5e5ca76bd0a0 (78 bytes)
1744997190.356537 sending message 105 to peer 0x5e5ca76bd0a0 (84 bytes)
1744997190.356555 sending message 105 to peer 0x5e5ca76bd0a0 (51 bytes)
1744997190.356571 sending message 105 to peer 0x5e5ca76bd0a0 (78 bytes)
1744997190.356588 sending message 105 to peer 0x5e5ca76bd0a0 (100 bytes)
1744997190.356623 sending message 105 to peer 0x5e5ca76bd0a0 (31 bytes)
1744997190.356650 sending message 105 to peer 0x5e5ca76bd0a0 (47 bytes)
1744997190.356661 sending message 105 to peer 0x5e5ca76bd0a0 (20 bytes)
1744997190.356671 sending message 105 to peer 0x5e5ca76bd0a0 (82 bytes)
1744997190.356681 sending message 105 to peer 0x5e5ca76bd0a0 (30 bytes)
1744997190.356691 sending message 105 to peer 0x5e5ca76bd0a0 (23 bytes)
1744997190.356714 sending message 105 to peer 0x5e5ca76bd0a0 (44 bytes)
1744997190.356724 sending message 105 to peer 0x5e5ca76bd0a0 (30 bytes)
1744997190.356734 sending message 105 to peer 0x5e5ca76bd0a0 (156 bytes)
1744997190.356744 sending message 105 to peer 0x5e5ca76bd0a0 (22 bytes)
1744997190.356754 sending message 105 to peer 0x5e5ca76bd0a0 (384 bytes)
1744997190.356764 sending message 105 to peer 0x5e5ca76bd0a0 (54 bytes)
1744997190.356774 sending message 105 to peer 0x5e5ca76bd0a0 (266 bytes)
1744997190.356784 sending message 105 to peer 0x5e5ca76bd0a0 (28 bytes)
1744997190.356794 sending message 105 to peer 0x5e5ca76bd0a0 (29 bytes)
1744997190.356804 sending message 105 to peer 0x5e5ca76bd0a0 (84 bytes)
1744997190.356814 sending message 105 to peer 0x5e5ca76bd0a0 (92 bytes)
1744997190.356823 sending message 105 to peer 0x5e5ca76bd0a0 (23 bytes)
1744997190.356833 sending message 105 to peer 0x5e5ca76bd0a0 (18 bytes)
1744997190.356843 sending message 105 to peer 0x5e5ca76bd0a0 (31 bytes)
1744997190.356853 sending message 105 to peer 0x5e5ca76bd0a0 (22 bytes)
1744997190.356863 sending message 106 to peer 0x5e5ca76bd0a0 (0 bytes)
1744997190.357049 sending message 200 to peer 0x5e5ca76bd0a0 (4 bytes)
1744997190.357061 client loop enter
1744997190.358789 peer 0x5e5ca76bd0a0 message 303
1744997190.358819 open write file 2 -
1744997190.358865 sending message 305 to peer 0x5e5ca76bd0a0 (8 bytes)
1744997190.358898 write check file 2
1744997190.359451 peer 0x5e5ca76bd0a0 message 304
1744997190.359487 write 58 to file 2
1744997190.359511 peer 0x5e5ca76bd0a0 message 203
1744997190.359522 file 2 58 bytes left
1744997190.359577 write check file 2
1744997190.359588 client loop exit
